Archive member included because of file (symbol)

d:/program files (x86)/atmel/avr studio 6.0/extensions/atmel/avrgcc/3.4.1.95/avrtoolchain/bin/../lib/gcc/avr/4.6.2/avrxmega7\libgcc.a(_mulsi3.o)
                              cnc_robot.o (__mulsi3)
d:/program files (x86)/atmel/avr studio 6.0/extensions/atmel/avrgcc/3.4.1.95/avrtoolchain/bin/../lib/gcc/avr/4.6.2/avrxmega7\libgcc.a(_udivmodsi4.o)
                              cnc_robot.o (__udivmodsi4)
d:/program files (x86)/atmel/avr studio 6.0/extensions/atmel/avrgcc/3.4.1.95/avrtoolchain/bin/../lib/gcc/avr/4.6.2/avrxmega7\libgcc.a(_exit.o)
                              d:/program files (x86)/atmel/avr studio 6.0/extensions/atmel/avrgcc/3.4.1.95/avrtoolchain/bin/../lib/gcc/avr/4.6.2/../../../../avr/lib/avrxmega7/crtx128a1.o (exit)
d:/program files (x86)/atmel/avr studio 6.0/extensions/atmel/avrgcc/3.4.1.95/avrtoolchain/bin/../lib/gcc/avr/4.6.2/avrxmega7\libgcc.a(_copy_data.o)
                              clksys_driver.o (__do_copy_data)
d:/program files (x86)/atmel/avr studio 6.0/extensions/atmel/avrgcc/3.4.1.95/avrtoolchain/bin/../lib/gcc/avr/4.6.2/avrxmega7\libgcc.a(_clear_bss.o)
                              clksys_driver.o (__do_clear_bss)

Allocating common symbols
Common symbol       size              file

z_axis              0x23              cnc_robot.o
x_axis              0x23              cnc_robot.o
ser                 0x79              serial/Serial.o
y_axis              0x23              cnc_robot.o

Memory Configuration

Name             Origin             Length             Attributes
text             0x00000000         0x00100000         xr
data             0x00802000         0x0000ffa0         rw !x
eeprom           0x00810000         0x00010000         rw !x
fuse             0x00820000         0x00000400         rw !x
lock             0x00830000         0x00000400         rw !x
signature        0x00840000         0x00000400         rw !x
*default*        0x00000000         0xffffffff

Linker script and memory map

LOAD d:/program files (x86)/atmel/avr studio 6.0/extensions/atmel/avrgcc/3.4.1.95/avrtoolchain/bin/../lib/gcc/avr/4.6.2/../../../../avr/lib/avrxmega7/crtx128a1.o
LOAD clksys_driver.o
LOAD Axis.o
LOAD serial/Serial.o
LOAD serial/SerialProtocol.o
LOAD cnc_robot.o
START GROUP
LOAD d:/program files (x86)/atmel/avr studio 6.0/extensions/atmel/avrgcc/3.4.1.95/avrtoolchain/bin/../lib/gcc/avr/4.6.2/../../../../avr/lib/avrxmega7\libm.a
END GROUP
LOAD d:/program files (x86)/atmel/avr studio 6.0/extensions/atmel/avrgcc/3.4.1.95/avrtoolchain/bin/../lib/gcc/avr/4.6.2/avrxmega7\libgcc.a
LOAD d:/program files (x86)/atmel/avr studio 6.0/extensions/atmel/avrgcc/3.4.1.95/avrtoolchain/bin/../lib/gcc/avr/4.6.2/../../../../avr/lib/avrxmega7\libc.a
LOAD d:/program files (x86)/atmel/avr studio 6.0/extensions/atmel/avrgcc/3.4.1.95/avrtoolchain/bin/../lib/gcc/avr/4.6.2/avrxmega7\libgcc.a

.hash
 *(.hash)

.dynsym
 *(.dynsym)

.dynstr
 *(.dynstr)

.gnu.version
 *(.gnu.version)

.gnu.version_d
 *(.gnu.version_d)

.gnu.version_r
 *(.gnu.version_r)

.rel.init
 *(.rel.init)

.rela.init
 *(.rela.init)

.rel.text
 *(.rel.text)
 *(.rel.text.*)
 *(.rel.gnu.linkonce.t*)

.rela.text
 *(.rela.text)
 *(.rela.text.*)
 *(.rela.gnu.linkonce.t*)

.rel.fini
 *(.rel.fini)

.rela.fini
 *(.rela.fini)

.rel.rodata
 *(.rel.rodata)
 *(.rel.rodata.*)
 *(.rel.gnu.linkonce.r*)

.rela.rodata
 *(.rela.rodata)
 *(.rela.rodata.*)
 *(.rela.gnu.linkonce.r*)

.rel.data
 *(.rel.data)
 *(.rel.data.*)
 *(.rel.gnu.linkonce.d*)

.rela.data
 *(.rela.data)
 *(.rela.data.*)
 *(.rela.gnu.linkonce.d*)

.rel.ctors
 *(.rel.ctors)

.rela.ctors
 *(.rela.ctors)

.rel.dtors
 *(.rel.dtors)

.rela.dtors
 *(.rela.dtors)

.rel.got
 *(.rel.got)

.rela.got
 *(.rela.got)

.rel.bss
 *(.rel.bss)

.rela.bss
 *(.rela.bss)

.rel.plt
 *(.rel.plt)

.rela.plt
 *(.rela.plt)

.text           0x00000000     0x146a
 *(.vectors)
 .vectors       0x00000000      0x1f4 d:/program files (x86)/atmel/avr studio 6.0/extensions/atmel/avrgcc/3.4.1.95/avrtoolchain/bin/../lib/gcc/avr/4.6.2/../../../../avr/lib/avrxmega7/crtx128a1.o
                0x00000000                __vector_default
                0x00000000                __vectors
 *(.vectors)
 *(.progmem.gcc*)
 *(.progmem*)
                0x000001f4                . = ALIGN (0x2)
                0x000001f4                __trampolines_start = .
 *(.trampolines)
 .trampolines   0x000001f4        0x0 linker stubs
 *(.trampolines*)
                0x000001f4                __trampolines_end = .
 *(.jumptables)
 *(.jumptables*)
 *(.lowtext)
 *(.lowtext*)
                0x000001f4                __ctors_start = .
 *(.ctors)
                0x000001f4                __ctors_end = .
                0x000001f4                __dtors_start = .
 *(.dtors)
                0x000001f4                __dtors_end = .
 SORT(*)(.ctors)
 SORT(*)(.dtors)
 *(.init0)
 .init0         0x000001f4        0x0 d:/program files (x86)/atmel/avr studio 6.0/extensions/atmel/avrgcc/3.4.1.95/avrtoolchain/bin/../lib/gcc/avr/4.6.2/../../../../avr/lib/avrxmega7/crtx128a1.o
                0x000001f4                __init
 *(.init0)
 *(.init1)
 *(.init1)
 *(.init2)
 .init2         0x000001f4       0x18 d:/program files (x86)/atmel/avr studio 6.0/extensions/atmel/avrgcc/3.4.1.95/avrtoolchain/bin/../lib/gcc/avr/4.6.2/../../../../avr/lib/avrxmega7/crtx128a1.o
 *(.init2)
 *(.init3)
 *(.init3)
 *(.init4)
 .init4         0x0000020c       0x1c d:/program files (x86)/atmel/avr studio 6.0/extensions/atmel/avrgcc/3.4.1.95/avrtoolchain/bin/../lib/gcc/avr/4.6.2/avrxmega7\libgcc.a(_copy_data.o)
                0x0000020c                __do_copy_data
 .init4         0x00000228       0x10 d:/program files (x86)/atmel/avr studio 6.0/extensions/atmel/avrgcc/3.4.1.95/avrtoolchain/bin/../lib/gcc/avr/4.6.2/avrxmega7\libgcc.a(_clear_bss.o)
                0x00000228                __do_clear_bss
 *(.init4)
 *(.init5)
 *(.init5)
 *(.init6)
 *(.init6)
 *(.init7)
 *(.init7)
 *(.init8)
 *(.init8)
 *(.init9)
 .init9         0x00000238        0x8 d:/program files (x86)/atmel/avr studio 6.0/extensions/atmel/avrgcc/3.4.1.95/avrtoolchain/bin/../lib/gcc/avr/4.6.2/../../../../avr/lib/avrxmega7/crtx128a1.o
 *(.init9)
 *(.text)
 .text          0x00000240        0x4 d:/program files (x86)/atmel/avr studio 6.0/extensions/atmel/avrgcc/3.4.1.95/avrtoolchain/bin/../lib/gcc/avr/4.6.2/../../../../avr/lib/avrxmega7/crtx128a1.o
                0x00000240                __vector_38
                0x00000240                __vector_104
                0x00000240                __vector_22
                0x00000240                __vector_63
                0x00000240                __vector_28
                0x00000240                __vector_67
                0x00000240                __vector_1
                0x00000240                __vector_119
                0x00000240                __vector_32
                0x00000240                __vector_75
                0x00000240                __vector_71
                0x00000240                __vector_91
                0x00000240                __vector_34
                0x00000240                __vector_62
                0x00000240                __vector_77
                0x00000240                __vector_102
                0x00000240                __vector_24
                0x00000240                __vector_12
                0x00000240                __vector_55
                0x00000240                __vector_69
                0x00000240                __vector_81
                0x00000240                __vector_90
                0x00000240                __vector_46
                0x00000240                __bad_interrupt
                0x00000240                __vector_122
                0x00000240                __vector_72
                0x00000240                __vector_114
                0x00000240                __vector_6
                0x00000240                __vector_110
                0x00000240                __vector_31
                0x00000240                __vector_92
                0x00000240                __vector_35
                0x00000240                __vector_78
                0x00000240                __vector_74
                0x00000240                __vector_117
                0x00000240                __vector_39
                0x00000240                __vector_107
                0x00000240                __vector_3
                0x00000240                __vector_105
                0x00000240                __vector_98
                0x00000240                __vector_23
                0x00000240                __vector_68
                0x00000240                __vector_30
                0x00000240                __vector_73
                0x00000240                __vector_45
                0x00000240                __vector_93
                0x00000240                __vector_61
                0x00000240                __vector_11
                0x00000240                __vector_54
                0x00000240                __vector_99
                0x00000240                __vector_13
                0x00000240                __vector_17
                0x00000240                __vector_19
                0x00000240                __vector_56
                0x00000240                __vector_7
                0x00000240                __vector_49
                0x00000240                __vector_123
                0x00000240                __vector_41
                0x00000240                __vector_86
                0x00000240                __vector_100
                0x00000240                __vector_101
                0x00000240                __vector_64
                0x00000240                __vector_88
                0x00000240                __vector_109
                0x00000240                __vector_43
                0x00000240                __vector_27
                0x00000240                __vector_5
                0x00000240                __vector_113
                0x00000240                __vector_33
                0x00000240                __vector_76
                0x00000240                __vector_115
                0x00000240                __vector_47
                0x00000240                __vector_52
                0x00000240                __vector_37
                0x00000240                __vector_95
                0x00000240                __vector_103
                0x00000240                __vector_96
                0x00000240                __vector_89
                0x00000240                __vector_108
                0x00000240                __vector_4
                0x00000240                __vector_44
                0x00000240                __vector_82
                0x00000240                __vector_106
                0x00000240                __vector_118
                0x00000240                __vector_51
                0x00000240                __vector_9
                0x00000240                __vector_2
                0x00000240                __vector_21
                0x00000240                __vector_15
                0x00000240                __vector_66
                0x00000240                __vector_36
                0x00000240                __vector_79
                0x00000240                __vector_58
                0x00000240                __vector_70
                0x00000240                __vector_29
                0x00000240                __vector_60
                0x00000240                __vector_121
                0x00000240                __vector_40
                0x00000240                __vector_85
                0x00000240                __vector_94
                0x00000240                __vector_8
                0x00000240                __vector_48
                0x00000240                __vector_124
                0x00000240                __vector_116
                0x00000240                __vector_112
                0x00000240                __vector_111
                0x00000240                __vector_80
                0x00000240                __vector_14
                0x00000240                __vector_84
                0x00000240                __vector_57
                0x00000240                __vector_10
                0x00000240                __vector_50
                0x00000240                __vector_16
                0x00000240                __vector_59
                0x00000240                __vector_18
                0x00000240                __vector_97
                0x00000240                __vector_42
                0x00000240                __vector_87
                0x00000240                __vector_65
                0x00000240                __vector_120
 .text          0x00000244       0xf4 clksys_driver.o
                0x00000244                CCPWrite
                0x0000026e                CLKSYS_XOSC_Config
                0x00000284                CLKSYS_PLL_Config
                0x00000290                CLKSYS_Disable
                0x000002a4                CLKSYS_Prescalers_Config
                0x000002b0                CLKSYS_Main_ClockSource_Select
                0x000002d6                CLKSYS_RTC_ClockSource_Enable
                0x000002e6                CLKSYS_AutoCalibration_Enable
                0x00000320                CLKSYS_XOSC_FailureDetection_Enable
                0x0000032c                CLKSYS_Configuration_Lock
 .text          0x00000338      0x1c0 Axis.o
                0x00000338                AxisInit
                0x000003aa                AxisGetCurrentPosition
                0x000003de                IsAxisInterruptEnabled
                0x000003ee                IsOnLimit
                0x00000406                IsMoving
                0x00000416                AxisStop
                0x00000454                AxisRun
                0x000004d0                ZeroLocation
 .text          0x000004f8      0x1a8 serial/Serial.o
                0x000004f8                TransmitPacketComplete
                0x00000504                ReceivePacketComplete
                0x00000514                ReceiveDataError
                0x00000516                USART_Init
                0x00000540                SerialInit
                0x0000057e                SerialDataTransmitStruct
                0x00000596                SerialDataAvailable
                0x000005ae                USART_Transmit
                0x000005ce                Transmit
                0x000005d4                __vector_25
                0x0000063c                __vector_26
 .text          0x000006a0      0x352 serial/SerialProtocol.o
                0x000006a0                SerialError
                0x000006bc                SerialDataInitialize
                0x0000071e                SerialStateMachineProcess
                0x000007c4                ProcessDataChar
                0x00000846                SerialByteTransmitComplete
                0x00000976                SerialTransferInProgress
                0x00000988                SerialTransmit
 .text          0x000009f2      0x304 cnc_robot.o
                0x000009f2                InitClock
                0x00000a38                OnAxisTimerOverflow
                0x00000b24                __vector_53
                0x00000b88                __vector_83
                0x00000bec                __vector_20
                0x00000c50                transmit_str
                0x00000c68                LimitSwitchHelper
 .text          0x00000cf6        0x0 d:/program files (x86)/atmel/avr studio 6.0/extensions/atmel/avrgcc/3.4.1.95/avrtoolchain/bin/../lib/gcc/avr/4.6.2/avrxmega7\libgcc.a(_mulsi3.o)
 .text          0x00000cf6        0x0 d:/program files (x86)/atmel/avr studio 6.0/extensions/atmel/avrgcc/3.4.1.95/avrtoolchain/bin/../lib/gcc/avr/4.6.2/avrxmega7\libgcc.a(_udivmodsi4.o)
 .text          0x00000cf6        0x0 d:/program files (x86)/atmel/avr studio 6.0/extensions/atmel/avrgcc/3.4.1.95/avrtoolchain/bin/../lib/gcc/avr/4.6.2/avrxmega7\libgcc.a(_exit.o)
 .text          0x00000cf6        0x0 d:/program files (x86)/atmel/avr studio 6.0/extensions/atmel/avrgcc/3.4.1.95/avrtoolchain/bin/../lib/gcc/avr/4.6.2/avrxmega7\libgcc.a(_copy_data.o)
 .text          0x00000cf6        0x0 d:/program files (x86)/atmel/avr studio 6.0/extensions/atmel/avrgcc/3.4.1.95/avrtoolchain/bin/../lib/gcc/avr/4.6.2/avrxmega7\libgcc.a(_clear_bss.o)
                0x00000cf6                . = ALIGN (0x2)
 *(.text.*)
 .text.startup  0x00000cf6      0x6ee cnc_robot.o
                0x00000cf6                main
 .text.libgcc   0x000013e4       0x3e d:/program files (x86)/atmel/avr studio 6.0/extensions/atmel/avrgcc/3.4.1.95/avrtoolchain/bin/../lib/gcc/avr/4.6.2/avrxmega7\libgcc.a(_mulsi3.o)
                0x000013e4                __mulsi3
 .text.libgcc   0x00001422       0x44 d:/program files (x86)/atmel/avr studio 6.0/extensions/atmel/avrgcc/3.4.1.95/avrtoolchain/bin/../lib/gcc/avr/4.6.2/avrxmega7\libgcc.a(_udivmodsi4.o)
                0x00001422                __udivmodsi4
 .text.libgcc   0x00001466        0x0 d:/program files (x86)/atmel/avr studio 6.0/extensions/atmel/avrgcc/3.4.1.95/avrtoolchain/bin/../lib/gcc/avr/4.6.2/avrxmega7\libgcc.a(_exit.o)
 .text.libgcc   0x00001466        0x0 d:/program files (x86)/atmel/avr studio 6.0/extensions/atmel/avrgcc/3.4.1.95/avrtoolchain/bin/../lib/gcc/avr/4.6.2/avrxmega7\libgcc.a(_copy_data.o)
 .text.libgcc   0x00001466        0x0 d:/program files (x86)/atmel/avr studio 6.0/extensions/atmel/avrgcc/3.4.1.95/avrtoolchain/bin/../lib/gcc/avr/4.6.2/avrxmega7\libgcc.a(_clear_bss.o)
                0x00001466                . = ALIGN (0x2)
 *(.fini9)
 .fini9         0x00001466        0x0 d:/program files (x86)/atmel/avr studio 6.0/extensions/atmel/avrgcc/3.4.1.95/avrtoolchain/bin/../lib/gcc/avr/4.6.2/avrxmega7\libgcc.a(_exit.o)
                0x00001466                _exit
                0x00001466                exit
 *(.fini9)
 *(.fini8)
 *(.fini8)
 *(.fini7)
 *(.fini7)
 *(.fini6)
 *(.fini6)
 *(.fini5)
 *(.fini5)
 *(.fini4)
 *(.fini4)
 *(.fini3)
 *(.fini3)
 *(.fini2)
 *(.fini2)
 *(.fini1)
 *(.fini1)
 *(.fini0)
 .fini0         0x00001466        0x4 d:/program files (x86)/atmel/avr studio 6.0/extensions/atmel/avrgcc/3.4.1.95/avrtoolchain/bin/../lib/gcc/avr/4.6.2/avrxmega7\libgcc.a(_exit.o)
 *(.fini0)
                0x0000146a                _etext = .

.data           0x00802000       0x20 load address 0x0000146a
                0x00802000                PROVIDE (__data_start, .)
 *(.data)
 .data          0x00802000        0x0 d:/program files (x86)/atmel/avr studio 6.0/extensions/atmel/avrgcc/3.4.1.95/avrtoolchain/bin/../lib/gcc/avr/4.6.2/../../../../avr/lib/avrxmega7/crtx128a1.o
 .data          0x00802000        0x0 clksys_driver.o
 .data          0x00802000        0x0 Axis.o
 .data          0x00802000        0x0 serial/Serial.o
 .data          0x00802000        0x0 serial/SerialProtocol.o
 .data          0x00802000       0x20 cnc_robot.o
                0x00802000                v
 .data          0x00802020        0x0 d:/program files (x86)/atmel/avr studio 6.0/extensions/atmel/avrgcc/3.4.1.95/avrtoolchain/bin/../lib/gcc/avr/4.6.2/avrxmega7\libgcc.a(_mulsi3.o)
 .data          0x00802020        0x0 d:/program files (x86)/atmel/avr studio 6.0/extensions/atmel/avrgcc/3.4.1.95/avrtoolchain/bin/../lib/gcc/avr/4.6.2/avrxmega7\libgcc.a(_udivmodsi4.o)
 .data          0x00802020        0x0 d:/program files (x86)/atmel/avr studio 6.0/extensions/atmel/avrgcc/3.4.1.95/avrtoolchain/bin/../lib/gcc/avr/4.6.2/avrxmega7\libgcc.a(_exit.o)
 .data          0x00802020        0x0 d:/program files (x86)/atmel/avr studio 6.0/extensions/atmel/avrgcc/3.4.1.95/avrtoolchain/bin/../lib/gcc/avr/4.6.2/avrxmega7\libgcc.a(_copy_data.o)
 .data          0x00802020        0x0 d:/program files (x86)/atmel/avr studio 6.0/extensions/atmel/avrgcc/3.4.1.95/avrtoolchain/bin/../lib/gcc/avr/4.6.2/avrxmega7\libgcc.a(_clear_bss.o)
 *(.data*)
 *(.rodata)
 *(.rodata*)
 *(.gnu.linkonce.d*)
                0x00802020                . = ALIGN (0x2)
                0x00802020                _edata = .
                0x00802020                PROVIDE (__data_end, .)

.bss            0x00802020       0xf3
                0x00802020                PROVIDE (__bss_start, .)
 *(.bss)
 .bss           0x00802020        0x0 d:/program files (x86)/atmel/avr studio 6.0/extensions/atmel/avrgcc/3.4.1.95/avrtoolchain/bin/../lib/gcc/avr/4.6.2/../../../../avr/lib/avrxmega7/crtx128a1.o
 .bss           0x00802020        0x0 clksys_driver.o
 .bss           0x00802020        0x0 Axis.o
 .bss           0x00802020        0x1 serial/Serial.o
                0x00802020                serialPacketReady
 .bss           0x00802021        0x0 serial/SerialProtocol.o
 .bss           0x00802021       0x10 cnc_robot.o
                0x00802021                deltaC
                0x00802025                locationC
                0x00802029                delta
                0x0080202d                location
 .bss           0x00802031        0x0 d:/program files (x86)/atmel/avr studio 6.0/extensions/atmel/avrgcc/3.4.1.95/avrtoolchain/bin/../lib/gcc/avr/4.6.2/avrxmega7\libgcc.a(_mulsi3.o)
 .bss           0x00802031        0x0 d:/program files (x86)/atmel/avr studio 6.0/extensions/atmel/avrgcc/3.4.1.95/avrtoolchain/bin/../lib/gcc/avr/4.6.2/avrxmega7\libgcc.a(_udivmodsi4.o)
 .bss           0x00802031        0x0 d:/program files (x86)/atmel/avr studio 6.0/extensions/atmel/avrgcc/3.4.1.95/avrtoolchain/bin/../lib/gcc/avr/4.6.2/avrxmega7\libgcc.a(_exit.o)
 .bss           0x00802031        0x0 d:/program files (x86)/atmel/avr studio 6.0/extensions/atmel/avrgcc/3.4.1.95/avrtoolchain/bin/../lib/gcc/avr/4.6.2/avrxmega7\libgcc.a(_copy_data.o)
 .bss           0x00802031        0x0 d:/program files (x86)/atmel/avr studio 6.0/extensions/atmel/avrgcc/3.4.1.95/avrtoolchain/bin/../lib/gcc/avr/4.6.2/avrxmega7\libgcc.a(_clear_bss.o)
 *(.bss*)
 *(COMMON)
 COMMON         0x00802031       0x79 serial/Serial.o
                0x00802031                ser
 COMMON         0x008020aa       0x69 cnc_robot.o
                0x008020aa                z_axis
                0x008020cd                x_axis
                0x008020f0                y_axis
                0x00802113                PROVIDE (__bss_end, .)
                0x0000146a                __data_load_start = LOADADDR (.data)
                0x0000148a                __data_load_end = (__data_load_start + SIZEOF (.data))

.noinit         0x00802113        0x0
                0x00802113                PROVIDE (__noinit_start, .)
 *(.noinit*)
                0x00802113                PROVIDE (__noinit_end, .)
                0x00802113                _end = .
                0x00802113                PROVIDE (__heap_start, .)

.eeprom         0x00810000        0x0
 *(.eeprom*)
                0x00810000                __eeprom_end = .

.fuse
 *(.fuse)
 *(.lfuse)
 *(.hfuse)
 *(.efuse)

.lock
 *(.lock*)

.signature
 *(.signature*)

.stab           0x00000000      0x714
 *(.stab)
 .stab          0x00000000      0x714 d:/program files (x86)/atmel/avr studio 6.0/extensions/atmel/avrgcc/3.4.1.95/avrtoolchain/bin/../lib/gcc/avr/4.6.2/../../../../avr/lib/avrxmega7/crtx128a1.o

.stabstr        0x00000000       0x85
 *(.stabstr)
 .stabstr       0x00000000       0x85 d:/program files (x86)/atmel/avr studio 6.0/extensions/atmel/avrgcc/3.4.1.95/avrtoolchain/bin/../lib/gcc/avr/4.6.2/../../../../avr/lib/avrxmega7/crtx128a1.o

.stab.excl
 *(.stab.excl)

.stab.exclstr
 *(.stab.exclstr)

.stab.index
 *(.stab.index)

.stab.indexstr
 *(.stab.indexstr)

.comment
 *(.comment)

.debug
 *(.debug)

.line
 *(.line)

.debug_srcinfo
 *(.debug_srcinfo)

.debug_sfnames
 *(.debug_sfnames)

.debug_aranges  0x00000000       0xa0
 *(.debug_aranges)
 .debug_aranges
                0x00000000       0x20 d:/program files (x86)/atmel/avr studio 6.0/extensions/atmel/avrgcc/3.4.1.95/avrtoolchain/bin/../lib/gcc/avr/4.6.2/avrxmega7\libgcc.a(_mulsi3.o)
 .debug_aranges
                0x00000020       0x20 d:/program files (x86)/atmel/avr studio 6.0/extensions/atmel/avrgcc/3.4.1.95/avrtoolchain/bin/../lib/gcc/avr/4.6.2/avrxmega7\libgcc.a(_udivmodsi4.o)
 .debug_aranges
                0x00000040       0x20 d:/program files (x86)/atmel/avr studio 6.0/extensions/atmel/avrgcc/3.4.1.95/avrtoolchain/bin/../lib/gcc/avr/4.6.2/avrxmega7\libgcc.a(_exit.o)
 .debug_aranges
                0x00000060       0x20 d:/program files (x86)/atmel/avr studio 6.0/extensions/atmel/avrgcc/3.4.1.95/avrtoolchain/bin/../lib/gcc/avr/4.6.2/avrxmega7\libgcc.a(_copy_data.o)
 .debug_aranges
                0x00000080       0x20 d:/program files (x86)/atmel/avr studio 6.0/extensions/atmel/avrgcc/3.4.1.95/avrtoolchain/bin/../lib/gcc/avr/4.6.2/avrxmega7\libgcc.a(_clear_bss.o)

.debug_pubnames
 *(.debug_pubnames)

.debug_info     0x00000000      0x46a
 *(.debug_info)
 .debug_info    0x00000000       0xe2 d:/program files (x86)/atmel/avr studio 6.0/extensions/atmel/avrgcc/3.4.1.95/avrtoolchain/bin/../lib/gcc/avr/4.6.2/avrxmega7\libgcc.a(_mulsi3.o)
 .debug_info    0x000000e2       0xe2 d:/program files (x86)/atmel/avr studio 6.0/extensions/atmel/avrgcc/3.4.1.95/avrtoolchain/bin/../lib/gcc/avr/4.6.2/avrxmega7\libgcc.a(_udivmodsi4.o)
 .debug_info    0x000001c4       0xe2 d:/program files (x86)/atmel/avr studio 6.0/extensions/atmel/avrgcc/3.4.1.95/avrtoolchain/bin/../lib/gcc/avr/4.6.2/avrxmega7\libgcc.a(_exit.o)
 .debug_info    0x000002a6       0xe2 d:/program files (x86)/atmel/avr studio 6.0/extensions/atmel/avrgcc/3.4.1.95/avrtoolchain/bin/../lib/gcc/avr/4.6.2/avrxmega7\libgcc.a(_copy_data.o)
 .debug_info    0x00000388       0xe2 d:/program files (x86)/atmel/avr studio 6.0/extensions/atmel/avrgcc/3.4.1.95/avrtoolchain/bin/../lib/gcc/avr/4.6.2/avrxmega7\libgcc.a(_clear_bss.o)
 *(.gnu.linkonce.wi.*)

.debug_abbrev   0x00000000       0x64
 *(.debug_abbrev)
 .debug_abbrev  0x00000000       0x14 d:/program files (x86)/atmel/avr studio 6.0/extensions/atmel/avrgcc/3.4.1.95/avrtoolchain/bin/../lib/gcc/avr/4.6.2/avrxmega7\libgcc.a(_mulsi3.o)
 .debug_abbrev  0x00000014       0x14 d:/program files (x86)/atmel/avr studio 6.0/extensions/atmel/avrgcc/3.4.1.95/avrtoolchain/bin/../lib/gcc/avr/4.6.2/avrxmega7\libgcc.a(_udivmodsi4.o)
 .debug_abbrev  0x00000028       0x14 d:/program files (x86)/atmel/avr studio 6.0/extensions/atmel/avrgcc/3.4.1.95/avrtoolchain/bin/../lib/gcc/avr/4.6.2/avrxmega7\libgcc.a(_exit.o)
 .debug_abbrev  0x0000003c       0x14 d:/program files (x86)/atmel/avr studio 6.0/extensions/atmel/avrgcc/3.4.1.95/avrtoolchain/bin/../lib/gcc/avr/4.6.2/avrxmega7\libgcc.a(_copy_data.o)
 .debug_abbrev  0x00000050       0x14 d:/program files (x86)/atmel/avr studio 6.0/extensions/atmel/avrgcc/3.4.1.95/avrtoolchain/bin/../lib/gcc/avr/4.6.2/avrxmega7\libgcc.a(_clear_bss.o)

.debug_line     0x00000000      0x2f9
 *(.debug_line)
 .debug_line    0x00000000       0xa5 d:/program files (x86)/atmel/avr studio 6.0/extensions/atmel/avrgcc/3.4.1.95/avrtoolchain/bin/../lib/gcc/avr/4.6.2/avrxmega7\libgcc.a(_mulsi3.o)
 .debug_line    0x000000a5       0xa8 d:/program files (x86)/atmel/avr studio 6.0/extensions/atmel/avrgcc/3.4.1.95/avrtoolchain/bin/../lib/gcc/avr/4.6.2/avrxmega7\libgcc.a(_udivmodsi4.o)
 .debug_line    0x0000014d       0x88 d:/program files (x86)/atmel/avr studio 6.0/extensions/atmel/avrgcc/3.4.1.95/avrtoolchain/bin/../lib/gcc/avr/4.6.2/avrxmega7\libgcc.a(_exit.o)
 .debug_line    0x000001d5       0x96 d:/program files (x86)/atmel/avr studio 6.0/extensions/atmel/avrgcc/3.4.1.95/avrtoolchain/bin/../lib/gcc/avr/4.6.2/avrxmega7\libgcc.a(_copy_data.o)
 .debug_line    0x0000026b       0x8e d:/program files (x86)/atmel/avr studio 6.0/extensions/atmel/avrgcc/3.4.1.95/avrtoolchain/bin/../lib/gcc/avr/4.6.2/avrxmega7\libgcc.a(_clear_bss.o)

.debug_frame
 *(.debug_frame)

.debug_str
 *(.debug_str)

.debug_loc
 *(.debug_loc)

.debug_macinfo
 *(.debug_macinfo)
OUTPUT(robot.elf elf32-avr)
LOAD linker stubs
