Archive member included because of file (symbol)

d:/program files (x86)/atmel/avr studio 6.0/extensions/atmel/avrgcc/3.4.1.95/avrtoolchain/bin/../lib/gcc/avr/4.6.2/avrxmega7\libgcc.a(_mulsi3.o)
                              cnc_robot.o (__mulsi3)
d:/program files (x86)/atmel/avr studio 6.0/extensions/atmel/avrgcc/3.4.1.95/avrtoolchain/bin/../lib/gcc/avr/4.6.2/avrxmega7\libgcc.a(_divmodsi4.o)
                              cnc_robot.o (__divmodsi4)
d:/program files (x86)/atmel/avr studio 6.0/extensions/atmel/avrgcc/3.4.1.95/avrtoolchain/bin/../lib/gcc/avr/4.6.2/avrxmega7\libgcc.a(_exit.o)
                              d:/program files (x86)/atmel/avr studio 6.0/extensions/atmel/avrgcc/3.4.1.95/avrtoolchain/bin/../lib/gcc/avr/4.6.2/../../../../avr/lib/avrxmega7/crtx128a1.o (exit)
d:/program files (x86)/atmel/avr studio 6.0/extensions/atmel/avrgcc/3.4.1.95/avrtoolchain/bin/../lib/gcc/avr/4.6.2/avrxmega7\libgcc.a(_copy_data.o)
                              Axis.o (__do_copy_data)
d:/program files (x86)/atmel/avr studio 6.0/extensions/atmel/avrgcc/3.4.1.95/avrtoolchain/bin/../lib/gcc/avr/4.6.2/avrxmega7\libgcc.a(_clear_bss.o)
                              Axis.o (__do_clear_bss)
d:/program files (x86)/atmel/avr studio 6.0/extensions/atmel/avrgcc/3.4.1.95/avrtoolchain/bin/../lib/gcc/avr/4.6.2/avrxmega7\libgcc.a(_udivmodsi4.o)
                              d:/program files (x86)/atmel/avr studio 6.0/extensions/atmel/avrgcc/3.4.1.95/avrtoolchain/bin/../lib/gcc/avr/4.6.2/avrxmega7\libgcc.a(_divmodsi4.o) (__udivmodsi4)

Allocating common symbols
Common symbol       size              file

z_axis              0x1d              cnc_robot.o
x_axis              0x1d              cnc_robot.o
ser                 0x79              serial/Serial.o
y_axis              0x1d              cnc_robot.o

Memory Configuration

Name             Origin             Length             Attributes
text             0x00000000         0x00100000         xr
data             0x00802000         0x0000ffa0         rw !x
eeprom           0x00810000         0x00010000         rw !x
fuse             0x00820000         0x00000400         rw !x
lock             0x00830000         0x00000400         rw !x
signature        0x00840000         0x00000400         rw !x
*default*        0x00000000         0xffffffff

Linker script and memory map

LOAD d:/program files (x86)/atmel/avr studio 6.0/extensions/atmel/avrgcc/3.4.1.95/avrtoolchain/bin/../lib/gcc/avr/4.6.2/../../../../avr/lib/avrxmega7/crtx128a1.o
LOAD clksys_driver.o
LOAD Axis.o
LOAD serial/Serial.o
LOAD serial/SerialProtocol.o
LOAD cnc_robot.o
START GROUP
LOAD d:/program files (x86)/atmel/avr studio 6.0/extensions/atmel/avrgcc/3.4.1.95/avrtoolchain/bin/../lib/gcc/avr/4.6.2/../../../../avr/lib/avrxmega7\libm.a
END GROUP
LOAD d:/program files (x86)/atmel/avr studio 6.0/extensions/atmel/avrgcc/3.4.1.95/avrtoolchain/bin/../lib/gcc/avr/4.6.2/avrxmega7\libgcc.a
LOAD d:/program files (x86)/atmel/avr studio 6.0/extensions/atmel/avrgcc/3.4.1.95/avrtoolchain/bin/../lib/gcc/avr/4.6.2/../../../../avr/lib/avrxmega7\libc.a
LOAD d:/program files (x86)/atmel/avr studio 6.0/extensions/atmel/avrgcc/3.4.1.95/avrtoolchain/bin/../lib/gcc/avr/4.6.2/avrxmega7\libgcc.a

.hash
 *(.hash)

.dynsym
 *(.dynsym)

.dynstr
 *(.dynstr)

.gnu.version
 *(.gnu.version)

.gnu.version_d
 *(.gnu.version_d)

.gnu.version_r
 *(.gnu.version_r)

.rel.init
 *(.rel.init)

.rela.init
 *(.rela.init)

.rel.text
 *(.rel.text)
 *(.rel.text.*)
 *(.rel.gnu.linkonce.t*)

.rela.text
 *(.rela.text)
 *(.rela.text.*)
 *(.rela.gnu.linkonce.t*)

.rel.fini
 *(.rel.fini)

.rela.fini
 *(.rela.fini)

.rel.rodata
 *(.rel.rodata)
 *(.rel.rodata.*)
 *(.rel.gnu.linkonce.r*)

.rela.rodata
 *(.rela.rodata)
 *(.rela.rodata.*)
 *(.rela.gnu.linkonce.r*)

.rel.data
 *(.rel.data)
 *(.rel.data.*)
 *(.rel.gnu.linkonce.d*)

.rela.data
 *(.rela.data)
 *(.rela.data.*)
 *(.rela.gnu.linkonce.d*)

.rel.ctors
 *(.rel.ctors)

.rela.ctors
 *(.rela.ctors)

.rel.dtors
 *(.rel.dtors)

.rela.dtors
 *(.rela.dtors)

.rel.got
 *(.rel.got)

.rela.got
 *(.rela.got)

.rel.bss
 *(.rel.bss)

.rela.bss
 *(.rela.bss)

.rel.plt
 *(.rel.plt)

.rela.plt
 *(.rela.plt)

.text           0x00000000     0x124c
 *(.vectors)
 .vectors       0x00000000      0x1f4 d:/program files (x86)/atmel/avr studio 6.0/extensions/atmel/avrgcc/3.4.1.95/avrtoolchain/bin/../lib/gcc/avr/4.6.2/../../../../avr/lib/avrxmega7/crtx128a1.o
                0x00000000                __vector_default
                0x00000000                __vectors
 *(.vectors)
 *(.progmem.gcc*)
 *(.progmem*)
                0x000001f4                . = ALIGN (0x2)
                0x000001f4                __trampolines_start = .
 *(.trampolines)
 .trampolines   0x000001f4        0x0 linker stubs
 *(.trampolines*)
                0x000001f4                __trampolines_end = .
 *(.jumptables)
 *(.jumptables*)
 *(.lowtext)
 *(.lowtext*)
                0x000001f4                __ctors_start = .
 *(.ctors)
                0x000001f4                __ctors_end = .
                0x000001f4                __dtors_start = .
 *(.dtors)
                0x000001f4                __dtors_end = .
 SORT(*)(.ctors)
 SORT(*)(.dtors)
 *(.init0)
 .init0         0x000001f4        0x0 d:/program files (x86)/atmel/avr studio 6.0/extensions/atmel/avrgcc/3.4.1.95/avrtoolchain/bin/../lib/gcc/avr/4.6.2/../../../../avr/lib/avrxmega7/crtx128a1.o
                0x000001f4                __init
 *(.init0)
 *(.init1)
 *(.init1)
 *(.init2)
 .init2         0x000001f4       0x18 d:/program files (x86)/atmel/avr studio 6.0/extensions/atmel/avrgcc/3.4.1.95/avrtoolchain/bin/../lib/gcc/avr/4.6.2/../../../../avr/lib/avrxmega7/crtx128a1.o
 *(.init2)
 *(.init3)
 *(.init3)
 *(.init4)
 .init4         0x0000020c       0x1c d:/program files (x86)/atmel/avr studio 6.0/extensions/atmel/avrgcc/3.4.1.95/avrtoolchain/bin/../lib/gcc/avr/4.6.2/avrxmega7\libgcc.a(_copy_data.o)
                0x0000020c                __do_copy_data
 .init4         0x00000228       0x10 d:/program files (x86)/atmel/avr studio 6.0/extensions/atmel/avrgcc/3.4.1.95/avrtoolchain/bin/../lib/gcc/avr/4.6.2/avrxmega7\libgcc.a(_clear_bss.o)
                0x00000228                __do_clear_bss
 *(.init4)
 *(.init5)
 *(.init5)
 *(.init6)
 *(.init6)
 *(.init7)
 *(.init7)
 *(.init8)
 *(.init8)
 *(.init9)
 .init9         0x00000238        0x8 d:/program files (x86)/atmel/avr studio 6.0/extensions/atmel/avrgcc/3.4.1.95/avrtoolchain/bin/../lib/gcc/avr/4.6.2/../../../../avr/lib/avrxmega7/crtx128a1.o
 *(.init9)
 *(.text)
 .text          0x00000240        0x4 d:/program files (x86)/atmel/avr studio 6.0/extensions/atmel/avrgcc/3.4.1.95/avrtoolchain/bin/../lib/gcc/avr/4.6.2/../../../../avr/lib/avrxmega7/crtx128a1.o
                0x00000240                __vector_38
                0x00000240                __vector_104
                0x00000240                __vector_22
                0x00000240                __vector_63
                0x00000240                __vector_28
                0x00000240                __vector_67
                0x00000240                __vector_1
                0x00000240                __vector_119
                0x00000240                __vector_32
                0x00000240                __vector_75
                0x00000240                __vector_71
                0x00000240                __vector_91
                0x00000240                __vector_34
                0x00000240                __vector_62
                0x00000240                __vector_77
                0x00000240                __vector_102
                0x00000240                __vector_24
                0x00000240                __vector_12
                0x00000240                __vector_55
                0x00000240                __vector_69
                0x00000240                __vector_81
                0x00000240                __vector_90
                0x00000240                __vector_46
                0x00000240                __bad_interrupt
                0x00000240                __vector_122
                0x00000240                __vector_72
                0x00000240                __vector_114
                0x00000240                __vector_6
                0x00000240                __vector_110
                0x00000240                __vector_31
                0x00000240                __vector_92
                0x00000240                __vector_35
                0x00000240                __vector_78
                0x00000240                __vector_74
                0x00000240                __vector_117
                0x00000240                __vector_39
                0x00000240                __vector_107
                0x00000240                __vector_3
                0x00000240                __vector_105
                0x00000240                __vector_98
                0x00000240                __vector_23
                0x00000240                __vector_68
                0x00000240                __vector_30
                0x00000240                __vector_73
                0x00000240                __vector_45
                0x00000240                __vector_93
                0x00000240                __vector_61
                0x00000240                __vector_11
                0x00000240                __vector_54
                0x00000240                __vector_99
                0x00000240                __vector_13
                0x00000240                __vector_17
                0x00000240                __vector_19
                0x00000240                __vector_56
                0x00000240                __vector_7
                0x00000240                __vector_49
                0x00000240                __vector_123
                0x00000240                __vector_41
                0x00000240                __vector_86
                0x00000240                __vector_100
                0x00000240                __vector_101
                0x00000240                __vector_64
                0x00000240                __vector_88
                0x00000240                __vector_109
                0x00000240                __vector_43
                0x00000240                __vector_27
                0x00000240                __vector_5
                0x00000240                __vector_113
                0x00000240                __vector_33
                0x00000240                __vector_76
                0x00000240                __vector_115
                0x00000240                __vector_47
                0x00000240                __vector_52
                0x00000240                __vector_37
                0x00000240                __vector_95
                0x00000240                __vector_103
                0x00000240                __vector_96
                0x00000240                __vector_89
                0x00000240                __vector_108
                0x00000240                __vector_4
                0x00000240                __vector_44
                0x00000240                __vector_82
                0x00000240                __vector_106
                0x00000240                __vector_118
                0x00000240                __vector_51
                0x00000240                __vector_9
                0x00000240                __vector_2
                0x00000240                __vector_21
                0x00000240                __vector_15
                0x00000240                __vector_66
                0x00000240                __vector_36
                0x00000240                __vector_79
                0x00000240                __vector_58
                0x00000240                __vector_70
                0x00000240                __vector_83
                0x00000240                __vector_29
                0x00000240                __vector_60
                0x00000240                __vector_121
                0x00000240                __vector_40
                0x00000240                __vector_85
                0x00000240                __vector_94
                0x00000240                __vector_8
                0x00000240                __vector_48
                0x00000240                __vector_124
                0x00000240                __vector_116
                0x00000240                __vector_112
                0x00000240                __vector_111
                0x00000240                __vector_80
                0x00000240                __vector_14
                0x00000240                __vector_84
                0x00000240                __vector_57
                0x00000240                __vector_53
                0x00000240                __vector_10
                0x00000240                __vector_50
                0x00000240                __vector_16
                0x00000240                __vector_59
                0x00000240                __vector_18
                0x00000240                __vector_97
                0x00000240                __vector_42
                0x00000240                __vector_87
                0x00000240                __vector_65
                0x00000240                __vector_120
 .text          0x00000244       0xf6 clksys_driver.o
                0x00000244                CCPWrite
                0x0000026e                CLKSYS_XOSC_Config
                0x00000284                CLKSYS_PLL_Config
                0x00000290                CLKSYS_Disable
                0x000002a4                CLKSYS_Prescalers_Config
                0x000002b0                CLKSYS_Main_ClockSource_Select
                0x000002d6                CLKSYS_RTC_ClockSource_Enable
                0x000002e6                CLKSYS_AutoCalibration_Enable
                0x00000322                CLKSYS_XOSC_FailureDetection_Enable
                0x0000032e                CLKSYS_Configuration_Lock
 .text          0x0000033a       0xec Axis.o
                0x0000033a                AxisInit
                0x00000398                IsOnLimit
                0x000003b0                IsMoving
                0x000003ca                AxisGetCurrentPosition
                0x00000406                AxisRun
                0x00000408                AxisStop
                0x0000040a                ZeroLocation
 .text          0x00000426      0x1ba serial/Serial.o
                0x00000426                TransmitPacketComplete
                0x00000432                ReceivePacketComplete
                0x00000442                ReceiveDataError
                0x00000444                USART_Init
                0x0000046e                SerialInit
                0x000004ac                SerialDataTransmitStruct
                0x000004c8                SerialDataAvailable
                0x000004e4                USART_Transmit
                0x00000502                Transmit
                0x00000508                __vector_25
                0x00000576                __vector_26
 .text          0x000005e0      0x3b0 serial/SerialProtocol.o
                0x000005e0                SerialError
                0x000005fc                SerialDataInitialize
                0x0000065e                SerialStateMachineProcess
                0x0000070e                ProcessDataChar
                0x00000796                SerialByteTransmitComplete
                0x00000902                SerialTransferInProgress
                0x00000914                SerialTransmit
 .text          0x00000990      0x800 cnc_robot.o
                0x00000990                InitClock
                0x000009d6                UpdateAxisOutput
                0x00000a58                UpdateAxis
                0x00000b6c                OnAxisTimerOverflow
                0x00000c5a                __vector_20
                0x00000cba                LimitSwitchHelper
                0x00000d64                main
 .text          0x00001190        0x0 d:/program files (x86)/atmel/avr studio 6.0/extensions/atmel/avrgcc/3.4.1.95/avrtoolchain/bin/../lib/gcc/avr/4.6.2/avrxmega7\libgcc.a(_mulsi3.o)
 .text          0x00001190        0x0 d:/program files (x86)/atmel/avr studio 6.0/extensions/atmel/avrgcc/3.4.1.95/avrtoolchain/bin/../lib/gcc/avr/4.6.2/avrxmega7\libgcc.a(_divmodsi4.o)
 .text          0x00001190        0x0 d:/program files (x86)/atmel/avr studio 6.0/extensions/atmel/avrgcc/3.4.1.95/avrtoolchain/bin/../lib/gcc/avr/4.6.2/avrxmega7\libgcc.a(_exit.o)
 .text          0x00001190        0x0 d:/program files (x86)/atmel/avr studio 6.0/extensions/atmel/avrgcc/3.4.1.95/avrtoolchain/bin/../lib/gcc/avr/4.6.2/avrxmega7\libgcc.a(_copy_data.o)
 .text          0x00001190        0x0 d:/program files (x86)/atmel/avr studio 6.0/extensions/atmel/avrgcc/3.4.1.95/avrtoolchain/bin/../lib/gcc/avr/4.6.2/avrxmega7\libgcc.a(_clear_bss.o)
 .text          0x00001190        0x0 d:/program files (x86)/atmel/avr studio 6.0/extensions/atmel/avrgcc/3.4.1.95/avrtoolchain/bin/../lib/gcc/avr/4.6.2/avrxmega7\libgcc.a(_udivmodsi4.o)
                0x00001190                . = ALIGN (0x2)
 *(.text.*)
 .text.libgcc   0x00001190       0x3e d:/program files (x86)/atmel/avr studio 6.0/extensions/atmel/avrgcc/3.4.1.95/avrtoolchain/bin/../lib/gcc/avr/4.6.2/avrxmega7\libgcc.a(_mulsi3.o)
                0x00001190                __mulsi3
 .text.libgcc   0x000011ce       0x36 d:/program files (x86)/atmel/avr studio 6.0/extensions/atmel/avrgcc/3.4.1.95/avrtoolchain/bin/../lib/gcc/avr/4.6.2/avrxmega7\libgcc.a(_divmodsi4.o)
                0x000011ce                __divmodsi4
 .text.libgcc   0x00001204        0x0 d:/program files (x86)/atmel/avr studio 6.0/extensions/atmel/avrgcc/3.4.1.95/avrtoolchain/bin/../lib/gcc/avr/4.6.2/avrxmega7\libgcc.a(_exit.o)
 .text.libgcc   0x00001204        0x0 d:/program files (x86)/atmel/avr studio 6.0/extensions/atmel/avrgcc/3.4.1.95/avrtoolchain/bin/../lib/gcc/avr/4.6.2/avrxmega7\libgcc.a(_copy_data.o)
 .text.libgcc   0x00001204        0x0 d:/program files (x86)/atmel/avr studio 6.0/extensions/atmel/avrgcc/3.4.1.95/avrtoolchain/bin/../lib/gcc/avr/4.6.2/avrxmega7\libgcc.a(_clear_bss.o)
 .text.libgcc   0x00001204       0x44 d:/program files (x86)/atmel/avr studio 6.0/extensions/atmel/avrgcc/3.4.1.95/avrtoolchain/bin/../lib/gcc/avr/4.6.2/avrxmega7\libgcc.a(_udivmodsi4.o)
                0x00001204                __udivmodsi4
                0x00001248                . = ALIGN (0x2)
 *(.fini9)
 .fini9         0x00001248        0x0 d:/program files (x86)/atmel/avr studio 6.0/extensions/atmel/avrgcc/3.4.1.95/avrtoolchain/bin/../lib/gcc/avr/4.6.2/avrxmega7\libgcc.a(_exit.o)
                0x00001248                _exit
                0x00001248                exit
 *(.fini9)
 *(.fini8)
 *(.fini8)
 *(.fini7)
 *(.fini7)
 *(.fini6)
 *(.fini6)
 *(.fini5)
 *(.fini5)
 *(.fini4)
 *(.fini4)
 *(.fini3)
 *(.fini3)
 *(.fini2)
 *(.fini2)
 *(.fini1)
 *(.fini1)
 *(.fini0)
 .fini0         0x00001248        0x4 d:/program files (x86)/atmel/avr studio 6.0/extensions/atmel/avrgcc/3.4.1.95/avrtoolchain/bin/../lib/gcc/avr/4.6.2/avrxmega7\libgcc.a(_exit.o)
 *(.fini0)
                0x0000124c                _etext = .

.data           0x00802000       0x20 load address 0x0000124c
                0x00802000                PROVIDE (__data_start, .)
 *(.data)
 .data          0x00802000        0x0 d:/program files (x86)/atmel/avr studio 6.0/extensions/atmel/avrgcc/3.4.1.95/avrtoolchain/bin/../lib/gcc/avr/4.6.2/../../../../avr/lib/avrxmega7/crtx128a1.o
 .data          0x00802000        0x0 clksys_driver.o
 .data          0x00802000        0x0 Axis.o
 .data          0x00802000        0x0 serial/Serial.o
 .data          0x00802000        0x0 serial/SerialProtocol.o
 .data          0x00802000       0x20 cnc_robot.o
                0x00802000                v
 .data          0x00802020        0x0 d:/program files (x86)/atmel/avr studio 6.0/extensions/atmel/avrgcc/3.4.1.95/avrtoolchain/bin/../lib/gcc/avr/4.6.2/avrxmega7\libgcc.a(_mulsi3.o)
 .data          0x00802020        0x0 d:/program files (x86)/atmel/avr studio 6.0/extensions/atmel/avrgcc/3.4.1.95/avrtoolchain/bin/../lib/gcc/avr/4.6.2/avrxmega7\libgcc.a(_divmodsi4.o)
 .data          0x00802020        0x0 d:/program files (x86)/atmel/avr studio 6.0/extensions/atmel/avrgcc/3.4.1.95/avrtoolchain/bin/../lib/gcc/avr/4.6.2/avrxmega7\libgcc.a(_exit.o)
 .data          0x00802020        0x0 d:/program files (x86)/atmel/avr studio 6.0/extensions/atmel/avrgcc/3.4.1.95/avrtoolchain/bin/../lib/gcc/avr/4.6.2/avrxmega7\libgcc.a(_copy_data.o)
 .data          0x00802020        0x0 d:/program files (x86)/atmel/avr studio 6.0/extensions/atmel/avrgcc/3.4.1.95/avrtoolchain/bin/../lib/gcc/avr/4.6.2/avrxmega7\libgcc.a(_clear_bss.o)
 .data          0x00802020        0x0 d:/program files (x86)/atmel/avr studio 6.0/extensions/atmel/avrgcc/3.4.1.95/avrtoolchain/bin/../lib/gcc/avr/4.6.2/avrxmega7\libgcc.a(_udivmodsi4.o)
 *(.data*)
 *(.rodata)
 *(.rodata*)
 *(.gnu.linkonce.d*)
                0x00802020                . = ALIGN (0x2)
                0x00802020                _edata = .
                0x00802020                PROVIDE (__data_end, .)

.bss            0x00802020       0xe9
                0x00802020                PROVIDE (__bss_start, .)
 *(.bss)
 .bss           0x00802020        0x0 d:/program files (x86)/atmel/avr studio 6.0/extensions/atmel/avrgcc/3.4.1.95/avrtoolchain/bin/../lib/gcc/avr/4.6.2/../../../../avr/lib/avrxmega7/crtx128a1.o
 .bss           0x00802020        0x0 clksys_driver.o
 .bss           0x00802020        0x0 Axis.o
 .bss           0x00802020        0x1 serial/Serial.o
                0x00802020                serialPacketReady
 .bss           0x00802021        0x0 serial/SerialProtocol.o
 .bss           0x00802021       0x18 cnc_robot.o
                0x00802021                time
                0x00802025                ovf_count
                0x00802029                deltaC
                0x0080202d                locationC
                0x00802031                delta
                0x00802035                location
 .bss           0x00802039        0x0 d:/program files (x86)/atmel/avr studio 6.0/extensions/atmel/avrgcc/3.4.1.95/avrtoolchain/bin/../lib/gcc/avr/4.6.2/avrxmega7\libgcc.a(_mulsi3.o)
 .bss           0x00802039        0x0 d:/program files (x86)/atmel/avr studio 6.0/extensions/atmel/avrgcc/3.4.1.95/avrtoolchain/bin/../lib/gcc/avr/4.6.2/avrxmega7\libgcc.a(_divmodsi4.o)
 .bss           0x00802039        0x0 d:/program files (x86)/atmel/avr studio 6.0/extensions/atmel/avrgcc/3.4.1.95/avrtoolchain/bin/../lib/gcc/avr/4.6.2/avrxmega7\libgcc.a(_exit.o)
 .bss           0x00802039        0x0 d:/program files (x86)/atmel/avr studio 6.0/extensions/atmel/avrgcc/3.4.1.95/avrtoolchain/bin/../lib/gcc/avr/4.6.2/avrxmega7\libgcc.a(_copy_data.o)
 .bss           0x00802039        0x0 d:/program files (x86)/atmel/avr studio 6.0/extensions/atmel/avrgcc/3.4.1.95/avrtoolchain/bin/../lib/gcc/avr/4.6.2/avrxmega7\libgcc.a(_clear_bss.o)
 .bss           0x00802039        0x0 d:/program files (x86)/atmel/avr studio 6.0/extensions/atmel/avrgcc/3.4.1.95/avrtoolchain/bin/../lib/gcc/avr/4.6.2/avrxmega7\libgcc.a(_udivmodsi4.o)
 *(.bss*)
 *(COMMON)
 COMMON         0x00802039       0x79 serial/Serial.o
                0x00802039                ser
 COMMON         0x008020b2       0x57 cnc_robot.o
                0x008020b2                z_axis
                0x008020cf                x_axis
                0x008020ec                y_axis
                0x00802109                PROVIDE (__bss_end, .)
                0x0000124c                __data_load_start = LOADADDR (.data)
                0x0000126c                __data_load_end = (__data_load_start + SIZEOF (.data))

.noinit         0x00802109        0x0
                0x00802109                PROVIDE (__noinit_start, .)
 *(.noinit*)
                0x00802109                PROVIDE (__noinit_end, .)
                0x00802109                _end = .
                0x00802109                PROVIDE (__heap_start, .)

.eeprom         0x00810000        0x0
 *(.eeprom*)
                0x00810000                __eeprom_end = .

.fuse
 *(.fuse)
 *(.lfuse)
 *(.hfuse)
 *(.efuse)

.lock
 *(.lock*)

.signature
 *(.signature*)

.stab           0x00000000      0x714
 *(.stab)
 .stab          0x00000000      0x714 d:/program files (x86)/atmel/avr studio 6.0/extensions/atmel/avrgcc/3.4.1.95/avrtoolchain/bin/../lib/gcc/avr/4.6.2/../../../../avr/lib/avrxmega7/crtx128a1.o

.stabstr        0x00000000       0x85
 *(.stabstr)
 .stabstr       0x00000000       0x85 d:/program files (x86)/atmel/avr studio 6.0/extensions/atmel/avrgcc/3.4.1.95/avrtoolchain/bin/../lib/gcc/avr/4.6.2/../../../../avr/lib/avrxmega7/crtx128a1.o

.stab.excl
 *(.stab.excl)

.stab.exclstr
 *(.stab.exclstr)

.stab.index
 *(.stab.index)

.stab.indexstr
 *(.stab.indexstr)

.comment
 *(.comment)

.debug
 *(.debug)

.line
 *(.line)

.debug_srcinfo
 *(.debug_srcinfo)

.debug_sfnames
 *(.debug_sfnames)

.debug_aranges  0x00000000      0x160
 *(.debug_aranges)
 .debug_aranges
                0x00000000       0x20 clksys_driver.o
 .debug_aranges
                0x00000020       0x20 Axis.o
 .debug_aranges
                0x00000040       0x20 serial/Serial.o
 .debug_aranges
                0x00000060       0x20 serial/SerialProtocol.o
 .debug_aranges
                0x00000080       0x20 cnc_robot.o
 .debug_aranges
                0x000000a0       0x20 d:/program files (x86)/atmel/avr studio 6.0/extensions/atmel/avrgcc/3.4.1.95/avrtoolchain/bin/../lib/gcc/avr/4.6.2/avrxmega7\libgcc.a(_mulsi3.o)
 .debug_aranges
                0x000000c0       0x20 d:/program files (x86)/atmel/avr studio 6.0/extensions/atmel/avrgcc/3.4.1.95/avrtoolchain/bin/../lib/gcc/avr/4.6.2/avrxmega7\libgcc.a(_divmodsi4.o)
 .debug_aranges
                0x000000e0       0x20 d:/program files (x86)/atmel/avr studio 6.0/extensions/atmel/avrgcc/3.4.1.95/avrtoolchain/bin/../lib/gcc/avr/4.6.2/avrxmega7\libgcc.a(_exit.o)
 .debug_aranges
                0x00000100       0x20 d:/program files (x86)/atmel/avr studio 6.0/extensions/atmel/avrgcc/3.4.1.95/avrtoolchain/bin/../lib/gcc/avr/4.6.2/avrxmega7\libgcc.a(_copy_data.o)
 .debug_aranges
                0x00000120       0x20 d:/program files (x86)/atmel/avr studio 6.0/extensions/atmel/avrgcc/3.4.1.95/avrtoolchain/bin/../lib/gcc/avr/4.6.2/avrxmega7\libgcc.a(_clear_bss.o)
 .debug_aranges
                0x00000140       0x20 d:/program files (x86)/atmel/avr studio 6.0/extensions/atmel/avrgcc/3.4.1.95/avrtoolchain/bin/../lib/gcc/avr/4.6.2/avrxmega7\libgcc.a(_udivmodsi4.o)

.debug_pubnames
                0x00000000      0x2f2
 *(.debug_pubnames)
 .debug_pubnames
                0x00000000      0x129 clksys_driver.o
 .debug_pubnames
                0x00000129      0x10d serial/Serial.o
 .debug_pubnames
                0x00000236       0xbc serial/SerialProtocol.o

.debug_info     0x00000000     0x3464
 *(.debug_info)
 .debug_info    0x00000000      0x5ae clksys_driver.o
 .debug_info    0x000005ae      0xa69 Axis.o
 .debug_info    0x00001017      0x6ba serial/Serial.o
 .debug_info    0x000016d1      0x31c serial/SerialProtocol.o
 .debug_info    0x000019ed     0x152b cnc_robot.o
 .debug_info    0x00002f18       0xe2 d:/program files (x86)/atmel/avr studio 6.0/extensions/atmel/avrgcc/3.4.1.95/avrtoolchain/bin/../lib/gcc/avr/4.6.2/avrxmega7\libgcc.a(_mulsi3.o)
 .debug_info    0x00002ffa       0xe2 d:/program files (x86)/atmel/avr studio 6.0/extensions/atmel/avrgcc/3.4.1.95/avrtoolchain/bin/../lib/gcc/avr/4.6.2/avrxmega7\libgcc.a(_divmodsi4.o)
 .debug_info    0x000030dc       0xe2 d:/program files (x86)/atmel/avr studio 6.0/extensions/atmel/avrgcc/3.4.1.95/avrtoolchain/bin/../lib/gcc/avr/4.6.2/avrxmega7\libgcc.a(_exit.o)
 .debug_info    0x000031be       0xe2 d:/program files (x86)/atmel/avr studio 6.0/extensions/atmel/avrgcc/3.4.1.95/avrtoolchain/bin/../lib/gcc/avr/4.6.2/avrxmega7\libgcc.a(_copy_data.o)
 .debug_info    0x000032a0       0xe2 d:/program files (x86)/atmel/avr studio 6.0/extensions/atmel/avrgcc/3.4.1.95/avrtoolchain/bin/../lib/gcc/avr/4.6.2/avrxmega7\libgcc.a(_clear_bss.o)
 .debug_info    0x00003382       0xe2 d:/program files (x86)/atmel/avr studio 6.0/extensions/atmel/avrgcc/3.4.1.95/avrtoolchain/bin/../lib/gcc/avr/4.6.2/avrxmega7\libgcc.a(_udivmodsi4.o)
 *(.gnu.linkonce.wi.*)

.debug_abbrev   0x00000000      0x8d5
 *(.debug_abbrev)
 .debug_abbrev  0x00000000      0x16d clksys_driver.o
 .debug_abbrev  0x0000016d      0x19c Axis.o
 .debug_abbrev  0x00000309      0x1b2 serial/Serial.o
 .debug_abbrev  0x000004bb      0x115 serial/SerialProtocol.o
 .debug_abbrev  0x000005d0      0x28d cnc_robot.o
 .debug_abbrev  0x0000085d       0x14 d:/program files (x86)/atmel/avr studio 6.0/extensions/atmel/avrgcc/3.4.1.95/avrtoolchain/bin/../lib/gcc/avr/4.6.2/avrxmega7\libgcc.a(_mulsi3.o)
 .debug_abbrev  0x00000871       0x14 d:/program files (x86)/atmel/avr studio 6.0/extensions/atmel/avrgcc/3.4.1.95/avrtoolchain/bin/../lib/gcc/avr/4.6.2/avrxmega7\libgcc.a(_divmodsi4.o)
 .debug_abbrev  0x00000885       0x14 d:/program files (x86)/atmel/avr studio 6.0/extensions/atmel/avrgcc/3.4.1.95/avrtoolchain/bin/../lib/gcc/avr/4.6.2/avrxmega7\libgcc.a(_exit.o)
 .debug_abbrev  0x00000899       0x14 d:/program files (x86)/atmel/avr studio 6.0/extensions/atmel/avrgcc/3.4.1.95/avrtoolchain/bin/../lib/gcc/avr/4.6.2/avrxmega7\libgcc.a(_copy_data.o)
 .debug_abbrev  0x000008ad       0x14 d:/program files (x86)/atmel/avr studio 6.0/extensions/atmel/avrgcc/3.4.1.95/avrtoolchain/bin/../lib/gcc/avr/4.6.2/avrxmega7\libgcc.a(_clear_bss.o)
 .debug_abbrev  0x000008c1       0x14 d:/program files (x86)/atmel/avr studio 6.0/extensions/atmel/avrgcc/3.4.1.95/avrtoolchain/bin/../lib/gcc/avr/4.6.2/avrxmega7\libgcc.a(_udivmodsi4.o)

.debug_line     0x00000000     0x12b0
 *(.debug_line)
 .debug_line    0x00000000      0x2e6 clksys_driver.o
 .debug_line    0x000002e6      0x1a1 Axis.o
 .debug_line    0x00000487      0x367 serial/Serial.o
 .debug_line    0x000007ee      0x469 serial/SerialProtocol.o
 .debug_line    0x00000c57      0x2bf cnc_robot.o
 .debug_line    0x00000f16       0xa5 d:/program files (x86)/atmel/avr studio 6.0/extensions/atmel/avrgcc/3.4.1.95/avrtoolchain/bin/../lib/gcc/avr/4.6.2/avrxmega7\libgcc.a(_mulsi3.o)
 .debug_line    0x00000fbb       0xa1 d:/program files (x86)/atmel/avr studio 6.0/extensions/atmel/avrgcc/3.4.1.95/avrtoolchain/bin/../lib/gcc/avr/4.6.2/avrxmega7\libgcc.a(_divmodsi4.o)
 .debug_line    0x0000105c       0x88 d:/program files (x86)/atmel/avr studio 6.0/extensions/atmel/avrgcc/3.4.1.95/avrtoolchain/bin/../lib/gcc/avr/4.6.2/avrxmega7\libgcc.a(_exit.o)
 .debug_line    0x000010e4       0x96 d:/program files (x86)/atmel/avr studio 6.0/extensions/atmel/avrgcc/3.4.1.95/avrtoolchain/bin/../lib/gcc/avr/4.6.2/avrxmega7\libgcc.a(_copy_data.o)
 .debug_line    0x0000117a       0x8e d:/program files (x86)/atmel/avr studio 6.0/extensions/atmel/avrgcc/3.4.1.95/avrtoolchain/bin/../lib/gcc/avr/4.6.2/avrxmega7\libgcc.a(_clear_bss.o)
 .debug_line    0x00001208       0xa8 d:/program files (x86)/atmel/avr studio 6.0/extensions/atmel/avrgcc/3.4.1.95/avrtoolchain/bin/../lib/gcc/avr/4.6.2/avrxmega7\libgcc.a(_udivmodsi4.o)

.debug_frame    0x00000000      0x3a4
 *(.debug_frame)
 .debug_frame   0x00000000       0xb0 clksys_driver.o
 .debug_frame   0x000000b0       0x98 Axis.o
 .debug_frame   0x00000148       0xc0 serial/Serial.o
 .debug_frame   0x00000208       0x80 serial/SerialProtocol.o
 .debug_frame   0x00000288      0x11c cnc_robot.o

.debug_str      0x00000000     0x14d3
 *(.debug_str)
 .debug_str     0x00000000      0x68c clksys_driver.o
                                0x6da (size before relaxing)
 .debug_str     0x0000068c      0x70f Axis.o
                                0x7e0 (size before relaxing)
 .debug_str     0x00000d9b      0x482 serial/Serial.o
                                0x63e (size before relaxing)
 .debug_str     0x0000121d       0xb2 serial/SerialProtocol.o
                                0x288 (size before relaxing)
 .debug_str     0x000012cf      0x204 cnc_robot.o
                                0xd48 (size before relaxing)

.debug_loc      0x00000000      0xb18
 *(.debug_loc)
 .debug_loc     0x00000000      0x190 clksys_driver.o
 .debug_loc     0x00000190      0x107 Axis.o
 .debug_loc     0x00000297       0xa9 serial/Serial.o
 .debug_loc     0x00000340      0x34a serial/SerialProtocol.o
 .debug_loc     0x0000068a      0x48e cnc_robot.o

.debug_macinfo
 *(.debug_macinfo)
OUTPUT(robot.elf elf32-avr)
LOAD linker stubs

.debug_pubtypes
                0x00000000      0x2b3
 .debug_pubtypes
                0x00000000      0x185 clksys_driver.o
 .debug_pubtypes
                0x00000185       0xf4 serial/Serial.o
 .debug_pubtypes
                0x00000279       0x3a serial/SerialProtocol.o

.debug_ranges   0x00000000       0x60
 .debug_ranges  0x00000000       0x60 cnc_robot.o
